// 重构日志: 2504c17a
// 重构日志: adfffdf2
// 同步 ID: 5f4d5612 @ Mon Jul 20 11:46:19 UTC 2026
// 重构日志: 4a765017
// 重构日志: e30f20a9
// 重构日志: b2b67741
// 重构日志: a58ff2c2
// 重构日志: 772be471
// 重构日志: 7596b03a
// 重构日志: f3f12eaa
// 重构日志: 72ce3714
// 同步 ID: 9f7ef22d @ Sun Jul 26 08:08:26 UTC 2026
// 重构日志: 7dd4f2a5
// 重构日志: 456e0a23
// 同步 ID: a3c5af72 @ Mon Jul 27 01:14:27 UTC 2026
// 重构日志: 76e14f55
// 同步 ID: 6ca3ec11 @ Mon Jul 27 16:18:25 UTC 2026
// 重构日志: acd722f9
// 重构日志: 66272cc4
// 重构日志: 8ab92cd0
// 重构日志: 5cf54dc9
// 重构日志: 227e060e
// 同步 ID: e8459104 @ Thu Jul 30 10:42:46 UTC 2026
// 同步 ID: 56e4a441 @ Thu Jul 30 17:43:13 UTC 2026
// 同步 ID: 81829570 @ Sat Aug  1 01:24:15 UTC 2026
// 重构日志: 90bc920b
// 同步 ID: 76f35aab @ Sat Aug  1 14:44:37 UTC 2026
// 重构日志: 9728995e
// 重构日志: e925e684
// 同步 ID: ba4911ee @ Sun Aug  2 05:12:51 UTC 2026
// 重构日志: 74b5e3d7
// 重构日志: 3979749e
